Archive Project report for Final_Project
Sat May 09 12:53:18 2026
Quartus Prime Version 20.1.1 Build 720 11/11/2020 SJ Lite Edition


---------------------
; Table of Contents ;
---------------------
  1. Legal Notice
  2. Archive Project Summary
  3. Archive Project Messages
  4. Files Archived



----------------
; Legal Notice ;
----------------
Copyright (C) 2020  Intel Corporation. All rights reserved.
Your use of Intel Corporation's design tools, logic functions 
and other software and tools, and any partner logic 
functions, and any output files from any of the foregoing 
(including device programming or simulation files), and any 
associated documentation or information are expressly subject 
to the terms and conditions of the Intel Program License 
Subscription Agreement, the Intel Quartus Prime License Agreement,
the Intel FPGA IP License Agreement, or other applicable license
agreement, including, without limitation, that your use is for
the sole purpose of programming logic devices manufactured by
Intel and sold by Intel or its authorized distributors.  Please
refer to the applicable agreement for further details, at
https://fpgasoftware.intel.com/eula.



+----------------------------------------------------------------+
; Archive Project Summary                                        ;
+------------------------+---------------------------------------+
; Archive Project Status ; Successful - Sat May 09 12:53:18 2026 ;
; Revision Name          ; Final_Project                         ;
; Top-level Entity Name  ; Final_Project                         ;
; Family                 ; Cyclone V                             ;
+------------------------+---------------------------------------+


+--------------------------+
; Archive Project Messages ;
+--------------------------+
Info: File Set 'Source control' contains:
    Info: Project source and settings files
    Info: Automatically detected source files
Warning: Hierarchical Platform Designer systems and custom IP components(_hw.tcl and associated files) are not archived by the Quartus Archiver
Critical Warning: Analysis & Elaboration was not run successfully.
    Critical Warning: The 'Automatically detected source files' file subset will attempt to guess which files are needed. The archive file will likely be larger than required and may still be incomplete.
Warning (225010): Analysis was not performed on the current project. The Quartus Prime software may not be able to automatically locate all project files.
Info: Parsing: ID_ROM.v
Info: Discovered: ./Final_Project_ID.hex
Info: Parsing: ID_ROM_bb.v
Info: Discovered: ./Final_Project_ID.hex
Info: Parsing: PASSWORD_ROM.v
Info: Discovered: ./Final_Project_PSWD.hex
Info: Parsing: PASSWORD_ROM_bb.v
Info: Discovered: ./Final_Project_PSWD.hex
Info: Archive will store files relative to the closest common parent directory
Info (13213): Using common directory C:/ADD_Demos/Advanced-Digital-Design-the-Braniacs---Final-Project/theBrainiacs_FinalProject/syn/
Info: ----------------------------------------------------------
Info: ----------------------------------------------------------
Info: Generated archive 'C:/ADD_Demos/Advanced-Digital-Design-the-Braniacs---Final-Project/theBrainiacs_FinalProject/syn/Final_Project.qar'
Info: ----------------------------------------------------------
Info: ----------------------------------------------------------
Info: Generated report 'Final_Project.archive.rpt'
Error (23031): Evaluation of Tcl script c:/intelfpga/20.1/quartus/common/tcl/apps/qpm/qar.tcl unsuccessful
Error: Quartus Prime Shell was unsuccessful. 4 errors, 5 warnings
    Error: Peak virtual memory: 4835 megabytes
    Error: Processing ended: Sat May 09 12:53:18 2026
    Error: Elapsed time: 00:00:08
    Error: Total CPU time (on all processors): 00:00:16


+---------------------------------------------------------+
; Files Archived                                          ;
+---------------------------------------------------------+
; File Name                                               ;
+---------------------------------------------------------+
; c:/intelfpga/20.1/quartus/bin64/assignment_defaults.qdf ;
; Final_Project.qpf                                       ;
; Final_Project.qsf                                       ;
; Final_Project_ID.hex                                    ;
; Final_Project_ID.mif                                    ;
; Final_Project_PSWD.hex                                  ;
; Final_Project_PSWD.mif                                  ;
; ID_ROM.qip                                              ;
; ID_ROM.v                                                ;
; ID_ROM_bb.v                                             ;
; output_files/Final_Project.flow.rpt                     ;
; output_files/Final_Project.map.rpt                      ;
; output_files/Final_Project.map.summary                  ;
; PASSWORD_ROM.qip                                        ;
; PASSWORD_ROM.v                                          ;
; PASSWORD_ROM_bb.v                                       ;
+---------------------------------------------------------+


